[INFO] Scanning for projects...
[INFO] 
[INFO] -----------------------< com.probloom:backend2 >------------------------
[INFO] Building ProBloom Backend 1.0.0
[INFO]   from pom.xml
[INFO] --------------------------------[ jar ]---------------------------------
[INFO] 
[INFO] --- clean:3.3.2:clean (default-clean) @ backend2 ---
[INFO] Deleting C:\FILES\Probloom\api\target
[INFO] 
[INFO] --- resources:3.3.1:resources (default-resources) @ backend2 ---
[INFO] Copying 1 resource from src\main\resources to target\classes
[INFO] Copying 0 resource from src\main\resources to target\classes
[INFO] 
[INFO] --- compiler:3.11.0:compile (default-compile) @ backend2 ---
[INFO] Changes detected - recompiling the module! :source
[INFO] Compiling 108 source files with javac [debug release 17] to target\classes
[INFO] 
[INFO] --- resources:3.3.1:testResources (default-testResources) @ backend2 ---
[INFO] skip non existing resourceDirectory C:\FILES\Probloom\api\src\test\resources
[INFO] 
[INFO] --- compiler:3.11.0:testCompile (default-testCompile) @ backend2 ---
[INFO] Changes detected - recompiling the module! :dependency
[INFO] Compiling 1 source file with javac [debug release 17] to target\test-classes
[INFO] 
[INFO] --- surefire:3.1.2:test (default-test) @ backend2 ---
[INFO] Tests are skipped.
[INFO] 
[INFO] --- jar:3.3.0:jar (default-jar) @ backend2 ---
[INFO] Building jar: C:\FILES\Probloom\api\target\backend2-1.0.0.jar
[INFO] 
[INFO] --- spring-boot:3.2.4:repackage (repackage) @ backend2 ---
[INFO] Replacing main artifact C:\FILES\Probloom\api\target\backend2-1.0.0.jar with repackaged archive, adding nested dependencies in BOOT-INF/.
[INFO] The original artifact has been renamed to C:\FILES\Probloom\api\target\backend2-1.0.0.jar.original
[INFO] ------------------------------------------------------------------------
[INFO] BUILD SUCCESS
[INFO] ------------------------------------------------------------------------
[INFO] Total time:  27.986 s
[INFO] Finished at: 2026-07-07T12:35:21+05:30
[INFO] ------------------------------------------------------------------------
